src/components/GlobalPlayerDrawer.tsx(4,33): error TS6133: 'Crown' is declared but its value is never read.
src/pages/Dashboard.tsx(2,10): error TS6133: 'currentUser' is declared but its value is never read.
src/pages/Dashboard.tsx(4,22): error TS6196: 'RivalryItem' is declared but never used.
src/pages/Dashboard.tsx(163,9): error TS6133: 'navigate' is declared but its value is never read.
src/pages/Leaderboard.tsx(24,10): error TS6133: 'seasonName' is declared but its value is never read.
src/pages/Login.tsx(3,1): error TS6133: 'cn' is declared but its value is never read.
